// Jest Snapshot v1, https://goo.gl/fbAQLP

exports[`<DealTypes/> renders snapshot as expected 1`] = `
<div>
  <form
    class="ant-form ant-form-horizontal"
  >
    <div
      class="ant-row ant-form-item"
    >
      <div
        class="ant-col ant-form-item-control"
      >
        <div
          class="ant-form-item-control-input"
        >
          <div
            class="ant-form-item-control-input-content"
          >
            <div
              class="ant-radio-group ant-radio-group-outline"
              id="dealType"
            >
              <span
                class="custom-label"
              >
                Deal Type: 
              </span>
              <label
                class="ant-radio-wrapper"
              >
                <span
                  class="ant-radio"
                >
                  <input
                    class="ant-radio-input"
                    data-testid="rdodealTypeNDF"
                    type="radio"
                    value="NDF"
                  />
                  <span
                    class="ant-radio-inner"
                  />
                </span>
                <span>
                  NDF
                </span>
              </label>
              <label
                class="ant-radio-wrapper"
              >
                <span
                  class="ant-radio"
                >
                  <input
                    class="ant-radio-input"
                    data-testid="rdodealTypeFWD"
                    type="radio"
                    value="FWD"
                  />
                  <span
                    class="ant-radio-inner"
                  />
                </span>
                <span>
                  FWD
                </span>
              </label>
              <label
                class="ant-radio-wrapper"
              >
                <span
                  class="ant-radio"
                >
                  <input
                    class="ant-radio-input"
                    data-testid="rdodealTypeSPT"
                    type="radio"
                    value="SPT"
                  />
                  <span
                    class="ant-radio-inner"
                  />
                </span>
                <span>
                  SPT
                </span>
              </label>
            </div>
          </div>
        </div>
      </div>
    </div>
  </form>
</div>
`;
