// Jest Snapshot v1, https://goo.gl/fbAQLP

exports[`<TradeDateEnabled /> renders snapshot as expected 1`] = `
<div>
  <form
    class="ant-form ant-form-horizontal"
  >
    <div
      class="ant-row ant-form-item trade-date-enabled"
    >
      <div
        class="ant-col ant-form-item-control"
      >
        <div
          class="ant-form-item-control-input"
        >
          <div
            class="ant-form-item-control-input-content"
          >
            <label
              class="ant-checkbox-wrapper"
            >
              <span
                class="ant-checkbox"
              >
                <input
                  class="ant-checkbox-input"
                  data-testid="chk-tradeDateEnabled"
                  id="tradeDateEnabled"
                  type="checkbox"
                  value=""
                />
                <span
                  class="ant-checkbox-inner"
                />
              </span>
              <span>
                <span
                  class="label-text"
                >
                  Override Trade Date
                </span>
                <span
                  aria-label="info-circle"
                  class="anticon anticon-info-circle"
                  role="img"
                >
                  <svg
                    aria-hidden="true"
                    data-icon="info-circle"
                    fill="currentColor"
                    focusable="false"
                    height="1em"
                    viewBox="64 64 896 896"
                    width="1em"
                  >
                    <path
                      d="M512 64C264.6 64 64 264.6 64 512s200.6 448 448 448 448-200.6 448-448S759.4 64 512 64zm32 664c0 4.4-3.6 8-8 8h-48c-4.4 0-8-3.6-8-8V456c0-4.4 3.6-8 8-8h48c4.4 0 8 3.6 8 8v272zm-32-344a48.01 48.01 0 010-96 48.01 48.01 0 010 96z"
                    />
                  </svg>
                </span>
              </span>
            </label>
          </div>
        </div>
      </div>
    </div>
  </form>
</div>
`;
