// Jest Snapshot v1, https://goo.gl/fbAQLP

exports[`<DraggableTabs/> renders snapshot as expected 1`] = `
<div>
  <div
    class="ant-tabs ant-tabs-top ant-tabs-editable ant-tabs-card ant-tabs-editable-card"
  >
    <div
      class="ant-tabs-nav"
      role="tablist"
    >
      <div
        class="ant-tabs-nav-wrap"
      >
        <div
          class="ant-tabs-nav-list"
          style="transform: translate(0px, 0px);"
        >
          <div
            class="ant-tabs-tab ant-tabs-tab-with-remove"
          >
            <div
              aria-controls="rc-tabs-test-panel-t1"
              aria-selected="false"
              class="ant-tabs-tab-btn"
              id="rc-tabs-test-tab-t1"
              role="tab"
              tabindex="0"
            >
              Tab1
            </div>
            <button
              aria-label="remove"
              class="ant-tabs-tab-remove"
              tabindex="0"
              type="button"
            >
              <span
                aria-label="close"
                class="anticon anticon-close"
                role="img"
              >
                <svg
                  aria-hidden="true"
                  data-icon="close"
                  fill="currentColor"
                  focusable="false"
                  height="1em"
                  viewBox="64 64 896 896"
                  width="1em"
                >
                  <path
                    d="M563.8 512l262.5-312.9c4.4-5.2.7-13.1-6.1-13.1h-79.8c-4.7 0-9.2 2.1-12.3 5.7L511.6 449.8 295.1 191.7c-3-3.6-7.5-5.7-12.3-5.7H203c-6.8 0-10.5 7.9-6.1 13.1L459.4 512 196.9 824.9A7.95 7.95 0 00203 838h79.8c4.7 0 9.2-2.1 12.3-5.7l216.5-258.1 216.5 258.1c3 3.6 7.5 5.7 12.3 5.7h79.8c6.8 0 10.5-7.9 6.1-13.1L563.8 512z"
                  />
                </svg>
              </span>
            </button>
          </div>
          <div
            class="ant-tabs-tab ant-tabs-tab-with-remove"
          >
            <div
              aria-controls="rc-tabs-test-panel-t2"
              aria-selected="false"
              class="ant-tabs-tab-btn"
              id="rc-tabs-test-tab-t2"
              role="tab"
              tabindex="0"
            >
              Tab2
            </div>
            <button
              aria-label="remove"
              class="ant-tabs-tab-remove"
              tabindex="0"
              type="button"
            >
              <span
                aria-label="close"
                class="anticon anticon-close"
                role="img"
              >
                <svg
                  aria-hidden="true"
                  data-icon="close"
                  fill="currentColor"
                  focusable="false"
                  height="1em"
                  viewBox="64 64 896 896"
                  width="1em"
                >
                  <path
                    d="M563.8 512l262.5-312.9c4.4-5.2.7-13.1-6.1-13.1h-79.8c-4.7 0-9.2 2.1-12.3 5.7L511.6 449.8 295.1 191.7c-3-3.6-7.5-5.7-12.3-5.7H203c-6.8 0-10.5 7.9-6.1 13.1L459.4 512 196.9 824.9A7.95 7.95 0 00203 838h79.8c4.7 0 9.2-2.1 12.3-5.7l216.5-258.1 216.5 258.1c3 3.6 7.5 5.7 12.3 5.7h79.8c6.8 0 10.5-7.9 6.1-13.1L563.8 512z"
                  />
                </svg>
              </span>
            </button>
          </div>
          <div
            class="ant-tabs-ink-bar ant-tabs-ink-bar-animated"
          />
        </div>
      </div>
      <div
        class="ant-tabs-nav-operations ant-tabs-nav-operations-hidden"
      >
        <button
          aria-controls="rc-tabs-test-more-popup"
          aria-expanded="false"
          aria-haspopup="listbox"
          aria-hidden="true"
          class="ant-tabs-nav-more"
          id="rc-tabs-test-more"
          style="visibility: hidden; order: 1;"
          tabindex="-1"
          type="button"
        >
          <span
            aria-label="ellipsis"
            class="anticon anticon-ellipsis"
            role="img"
          >
            <svg
              aria-hidden="true"
              data-icon="ellipsis"
              fill="currentColor"
              focusable="false"
              height="1em"
              viewBox="64 64 896 896"
              width="1em"
            >
              <path
                d="M176 511a56 56 0 10112 0 56 56 0 10-112 0zm280 0a56 56 0 10112 0 56 56 0 10-112 0zm280 0a56 56 0 10112 0 56 56 0 10-112 0z"
              />
            </svg>
          </span>
        </button>
      </div>
    </div>
    <div
      class="ant-tabs-content-holder"
    >
      <div
        class="ant-tabs-content ant-tabs-content-top"
      >
        <div
          aria-hidden="true"
          aria-labelledby="rc-tabs-test-tab-t1"
          class="ant-tabs-tabpane"
          id="rc-tabs-test-panel-t1"
          role="tabpanel"
          style="display: none;"
          tabindex="-1"
        />
        <div
          aria-hidden="true"
          aria-labelledby="rc-tabs-test-tab-t2"
          class="ant-tabs-tabpane"
          id="rc-tabs-test-panel-t2"
          role="tabpanel"
          style="display: none;"
          tabindex="-1"
        />
      </div>
    </div>
  </div>
</div>
`;
