// Jest Snapshot v1, https://goo.gl/fbAQLP

exports[`<NoAccess> should match the snapshot 1`] = `
<div>
  <div
    class="error-page"
  >
    <div
      class="flex-container"
    >
      <div
        class="flex-item"
      >
        <img
          alt="Logo"
          class="logo"
          src="tpicap.png"
        />
        <h3
          class="title"
        >
          Deal Management System
        </h3>
        <h4
          class="subtitle"
        >
          Insufficient Permissions
        </h4>
        <p>
          Insufficient permissions to access the application.  Please contact TV Ops.
        </p>
      </div>
    </div>
  </div>
</div>
`;
