// Jest Snapshot v1, https://goo.gl/fbAQLP

exports[`<BlotterFilters/> renders snapshot as expected 1`] = `
<div>
  <div
    class="blotter-filter-container"
  >
    <form
      class="ant-form ant-form-horizontal ant-form-hide-required-mark"
    >
      <fieldset
        class=""
      >
        <legend>
          Search By Deal ID
        </legend>
        <div
          class="ant-row"
          type="flex"
        >
          <div
            class="ant-row ant-form-item dealid"
            style="margin-bottom: 5px;"
          >
            <div
              class="ant-col ant-form-item-label"
            >
              <label
                class=""
                for="dealId"
                title="Deal ID"
              >
                Deal ID
              </label>
            </div>
            <div
              class="ant-col ant-form-item-control"
            >
              <div
                class="ant-form-item-control-input"
              >
                <div
                  class="ant-form-item-control-input-content"
                >
                  <span
                    class="ant-input-affix-wrapper dealid"
                  >
                    <input
                      class="ant-input"
                      data-testid="dealId"
                      id="dealId"
                      maxlength="19"
                      type="number"
                      value=""
                    />
                    <span
                      class="ant-input-suffix"
                    >
                      <span
                        aria-label="close-circle"
                        class="anticon anticon-close-circle ant-input-clear-icon-hidden ant-input-clear-icon"
                        role="button"
                        tabindex="-1"
                      >
                        <svg
                          aria-hidden="true"
                          data-icon="close-circle"
                          fill="currentColor"
                          focusable="false"
                          height="1em"
                          viewBox="64 64 896 896"
                          width="1em"
                        >
                          <path
                            d="M512 64C264.6 64 64 264.6 64 512s200.6 448 448 448 448-200.6 448-448S759.4 64 512 64zm165.4 618.2l-66-.3L512 563.4l-99.3 118.4-66.1.3c-4.4 0-8-3.5-8-8 0-1.9.7-3.7 1.9-5.2l130.1-155L340.5 359a8.32 8.32 0 01-1.9-5.2c0-4.4 3.6-8 8-8l66.1.3L512 464.6l99.3-118.4 66-.3c4.4 0 8 3.5 8 8 0 1.9-.7 3.7-1.9 5.2L553.5 514l130 155c1.2 1.5 1.9 3.3 1.9 5.2 0 4.4-3.6 8-8 8z"
                          />
                        </svg>
                      </span>
                    </span>
                  </span>
                </div>
              </div>
            </div>
          </div>
        </div>
      </fieldset>
      <fieldset
        class="highlight"
        style="margin-top: 10px;"
      >
        <legend>
          Search By Trade Date
        </legend>
        <div
          class="ant-row ant-form-item blotter-trade-date"
        >
          <div
            class="ant-col ant-form-item-label"
          >
            <label
              class="ant-form-item-no-colon"
              title="Trade Date"
            >
              Trade Date
            </label>
          </div>
          <div
            class="ant-col ant-form-item-control"
          >
            <div
              class="ant-form-item-control-input"
            >
              <div
                class="ant-form-item-control-input-content"
              >
                <div
                  class="ant-row ant-form-item blotter-date-filter ant-form-item-is-validating"
                >
                  <div
                    class="ant-col ant-form-item-label"
                  >
                    <label
                      class="ant-form-item-required"
                      for="dateFrom"
                      title="From"
                    >
                      From
                    </label>
                  </div>
                  <div
                    class="ant-col ant-form-item-control"
                  >
                    <div
                      class="ant-form-item-control-input"
                    >
                      <div
                        class="ant-form-item-control-input-content"
                      >
                        <div
                          class="ant-picker"
                          style="width: 100%;"
                        >
                          <div
                            class="ant-picker-input"
                          >
                            <input
                              autocomplete="off"
                              data-testid="dateFrom"
                              id="dateFrom"
                              placeholder="Select date"
                              readonly=""
                              size="12"
                              title="09/02/2020"
                              value="09/02/2020"
                            />
                            <span
                              class="ant-picker-suffix"
                            />
                          </div>
                        </div>
                      </div>
                    </div>
                  </div>
                </div>
                <div
                  class="ant-row ant-form-item blotter-date-filter ant-form-item-is-validating"
                >
                  <div
                    class="ant-col ant-form-item-label"
                  >
                    <label
                      class="ant-form-item-required"
                      for="dateTo"
                      title="To"
                    >
                      To
                    </label>
                  </div>
                  <div
                    class="ant-col ant-form-item-control"
                  >
                    <div
                      class="ant-form-item-control-input"
                    >
                      <div
                        class="ant-form-item-control-input-content"
                      >
                        <div
                          class="ant-picker"
                          style="width: 100%;"
                        >
                          <div
                            class="ant-picker-input"
                          >
                            <input
                              autocomplete="off"
                              data-testid="dateTo"
                              id="dateTo"
                              placeholder="Select date"
                              readonly=""
                              size="12"
                              title="09/02/2020"
                              value="09/02/2020"
                            />
                            <span
                              class="ant-picker-suffix"
                            />
                          </div>
                        </div>
                      </div>
                    </div>
                  </div>
                </div>
              </div>
            </div>
          </div>
        </div>
        <div
          class="ant-row"
          type="flex"
        >
          <div
            class="ant-row ant-form-item"
            style="margin-bottom: 5px;"
          >
            <div
              class="ant-col ant-form-item-label"
            >
              <label
                class=""
                for="broker"
                title="Broker"
              >
                Broker
              </label>
            </div>
            <div
              class="ant-col ant-form-item-control"
            >
              <div
                class="ant-form-item-control-input"
              >
                <div
                  class="ant-form-item-control-input-content"
                >
                  <span
                    class="ant-input-affix-wrapper"
                  >
                    <input
                      class="ant-input"
                      data-testid="broker"
                      id="broker"
                      type="text"
                      value=""
                    />
                    <span
                      class="ant-input-suffix"
                    >
                      <span
                        aria-label="close-circle"
                        class="anticon anticon-close-circle ant-input-clear-icon-hidden ant-input-clear-icon"
                        role="button"
                        tabindex="-1"
                      >
                        <svg
                          aria-hidden="true"
                          data-icon="close-circle"
                          fill="currentColor"
                          focusable="false"
                          height="1em"
                          viewBox="64 64 896 896"
                          width="1em"
                        >
                          <path
                            d="M512 64C264.6 64 64 264.6 64 512s200.6 448 448 448 448-200.6 448-448S759.4 64 512 64zm165.4 618.2l-66-.3L512 563.4l-99.3 118.4-66.1.3c-4.4 0-8-3.5-8-8 0-1.9.7-3.7 1.9-5.2l130.1-155L340.5 359a8.32 8.32 0 01-1.9-5.2c0-4.4 3.6-8 8-8l66.1.3L512 464.6l99.3-118.4 66-.3c4.4 0 8 3.5 8 8 0 1.9-.7 3.7-1.9 5.2L553.5 514l130 155c1.2 1.5 1.9 3.3 1.9 5.2 0 4.4-3.6 8-8 8z"
                          />
                        </svg>
                      </span>
                    </span>
                  </span>
                </div>
              </div>
            </div>
          </div>
        </div>
        <div
          class="ant-row"
          type="flex"
        >
          <div
            class="ant-row ant-form-item"
            style="margin-bottom: 5px;"
          >
            <div
              class="ant-col ant-form-item-label"
            >
              <label
                class=""
                for="customer"
                title="Customer"
              >
                Customer
              </label>
            </div>
            <div
              class="ant-col ant-form-item-control"
            >
              <div
                class="ant-form-item-control-input"
              >
                <div
                  class="ant-form-item-control-input-content"
                >
                  <span
                    class="ant-input-affix-wrapper"
                  >
                    <input
                      class="ant-input"
                      data-testid="customer"
                      id="customer"
                      type="text"
                      value=""
                    />
                    <span
                      class="ant-input-suffix"
                    >
                      <span
                        aria-label="close-circle"
                        class="anticon anticon-close-circle ant-input-clear-icon-hidden ant-input-clear-icon"
                        role="button"
                        tabindex="-1"
                      >
                        <svg
                          aria-hidden="true"
                          data-icon="close-circle"
                          fill="currentColor"
                          focusable="false"
                          height="1em"
                          viewBox="64 64 896 896"
                          width="1em"
                        >
                          <path
                            d="M512 64C264.6 64 64 264.6 64 512s200.6 448 448 448 448-200.6 448-448S759.4 64 512 64zm165.4 618.2l-66-.3L512 563.4l-99.3 118.4-66.1.3c-4.4 0-8-3.5-8-8 0-1.9.7-3.7 1.9-5.2l130.1-155L340.5 359a8.32 8.32 0 01-1.9-5.2c0-4.4 3.6-8 8-8l66.1.3L512 464.6l99.3-118.4 66-.3c4.4 0 8 3.5 8 8 0 1.9-.7 3.7-1.9 5.2L553.5 514l130 155c1.2 1.5 1.9 3.3 1.9 5.2 0 4.4-3.6 8-8 8z"
                          />
                        </svg>
                      </span>
                    </span>
                  </span>
                </div>
              </div>
            </div>
          </div>
        </div>
        <div
          class="ant-row"
          type="flex"
        >
          <div
            class="ant-row ant-form-item"
            style="margin-bottom: 5px;"
          >
            <div
              class="ant-col ant-form-item-label"
            >
              <label
                class=""
                for="trader"
                title="Trader"
              >
                Trader
              </label>
            </div>
            <div
              class="ant-col ant-form-item-control"
            >
              <div
                class="ant-form-item-control-input"
              >
                <div
                  class="ant-form-item-control-input-content"
                >
                  <span
                    class="ant-input-affix-wrapper"
                  >
                    <input
                      class="ant-input"
                      data-testid="trader"
                      id="trader"
                      type="text"
                      value=""
                    />
                    <span
                      class="ant-input-suffix"
                    >
                      <span
                        aria-label="close-circle"
                        class="anticon anticon-close-circle ant-input-clear-icon-hidden ant-input-clear-icon"
                        role="button"
                        tabindex="-1"
                      >
                        <svg
                          aria-hidden="true"
                          data-icon="close-circle"
                          fill="currentColor"
                          focusable="false"
                          height="1em"
                          viewBox="64 64 896 896"
                          width="1em"
                        >
                          <path
                            d="M512 64C264.6 64 64 264.6 64 512s200.6 448 448 448 448-200.6 448-448S759.4 64 512 64zm165.4 618.2l-66-.3L512 563.4l-99.3 118.4-66.1.3c-4.4 0-8-3.5-8-8 0-1.9.7-3.7 1.9-5.2l130.1-155L340.5 359a8.32 8.32 0 01-1.9-5.2c0-4.4 3.6-8 8-8l66.1.3L512 464.6l99.3-118.4 66-.3c4.4 0 8 3.5 8 8 0 1.9-.7 3.7-1.9 5.2L553.5 514l130 155c1.2 1.5 1.9 3.3 1.9 5.2 0 4.4-3.6 8-8 8z"
                          />
                        </svg>
                      </span>
                    </span>
                  </span>
                </div>
              </div>
            </div>
          </div>
        </div>
      </fieldset>
      <div
        class="ant-row ant-row-end action-buttons"
        style="margin-top: 10px;"
        type="flex"
      >
        <button
          class="ant-btn"
          data-testid="blotterReset"
          style="margin-right: 3px;"
          type="button"
        >
          <span>
            Reset
          </span>
        </button>
        <button
          class="ant-btn ant-btn-primary"
          data-testid="blotterSearch"
          style="margin-right: 10px;"
          type="button"
        >
          <span>
            Search
          </span>
        </button>
      </div>
    </form>
  </div>
</div>
`;
