// Jest Snapshot v1, https://goo.gl/fbAQLP

exports[`<App /> renders snapshot as expected 1`] = `
<div>
  <div
    class="dms-trade-capture-navbar ant-menu-dark"
  >
    <ul
      class="ant-menu-overflow ant-menu ant-menu-root ant-menu-horizontal ant-menu-dark navbar-menu"
      data-menu-list="true"
      role="menu"
      tabindex="0"
    >
      <li
        class="ant-menu-overflow-item ant-menu-item ant-menu-item-no-link"
        data-menu-id="rc-menu-uuid-test-home"
        role="menuitem"
        style="opacity: 1; order: 0;"
        tabindex="-1"
      >
        <span
          class="ant-menu-title-content"
        >
          <img
            alt="logo"
            height="30"
            src="tpicap.png"
            style="margin-right: 15px;"
            width="30"
          />
          <span>
            Deal Management System
          </span>
        </span>
      </li>
      <li
        class="ant-menu-overflow-item ant-menu-submenu ant-menu-submenu-horizontal user-name"
        role="none"
        style="opacity: 1; order: 1;"
      >
        <div
          aria-controls="rc-menu-uuid-test-submenu-popup"
          aria-expanded="false"
          aria-haspopup="true"
          class="ant-menu-submenu-title"
          role="menuitem"
          tabindex="-1"
        >
          <span
            class="ant-menu-title-content"
          >
            <span
              class="submenu-title-wrapper"
              data-testid="ddlUserDropdown"
              id="ddlUserDropdown"
            >
              
              <span
                aria-label="caret-down"
                class="anticon anticon-caret-down"
                role="img"
              >
                <svg
                  aria-hidden="true"
                  data-icon="caret-down"
                  fill="currentColor"
                  focusable="false"
                  height="1em"
                  viewBox="0 0 1024 1024"
                  width="1em"
                >
                  <path
                    d="M840.4 300H183.6c-19.7 0-30.7 20.8-18.5 35l328.4 380.8c9.4 10.9 27.5 10.9 37 0L858.9 335c12.2-14.2 1.2-35-18.5-35z"
                  />
                </svg>
              </span>
            </span>
          </span>
          <i
            class="ant-menu-submenu-arrow"
          />
        </div>
      </li>
      <li
        aria-hidden="true"
        class="ant-menu-overflow-item ant-menu-overflow-item-rest ant-menu-submenu ant-menu-submenu-horizontal"
        role="none"
        style="opacity: 0; height: 0px; overflow-y: hidden; order: 9007199254740991; pointer-events: none; position: absolute;"
      >
        <div
          aria-controls="rc-menu-uuid-test-rc-menu-more-popup"
          aria-expanded="false"
          aria-haspopup="true"
          class="ant-menu-submenu-title"
          data-menu-id="rc-menu-uuid-test-rc-menu-more"
          role="menuitem"
          tabindex="-1"
        >
          <span
            aria-label="ellipsis"
            class="anticon anticon-ellipsis"
            role="img"
          >
            <svg
              aria-hidden="true"
              data-icon="ellipsis"
              fill="currentColor"
              focusable="false"
              height="1em"
              viewBox="64 64 896 896"
              width="1em"
            >
              <path
                d="M176 511a56 56 0 10112 0 56 56 0 10-112 0zm280 0a56 56 0 10112 0 56 56 0 10-112 0zm280 0a56 56 0 10112 0 56 56 0 10-112 0z"
              />
            </svg>
          </span>
          <i
            class="ant-menu-submenu-arrow"
          />
        </div>
      </li>
    </ul>
    <div
      aria-hidden="true"
      style="display: none;"
    />
  </div>
  0
</div>
`;
